[INFO] Scanning for projects...
[INFO] 
[INFO] ------------------------< com.club:clubbackend >------------------------
[INFO] Building clubbackend 0.0.1-SNAPSHOT
[INFO]   from pom.xml
[INFO] --------------------------------[ jar ]---------------------------------
[INFO] 
[INFO] >>> spring-boot:3.2.0:run (default-cli) > test-compile @ clubbackend >>>
[INFO] 
[INFO] --- resources:3.3.1:resources (default-resources) @ clubbackend ---
[INFO] Copying 1 resource from src\main\resources to target\classes
[INFO] Copying 0 resource from src\main\resources to target\classes
[INFO] 
[INFO] --- compiler:3.11.0:compile (default-compile) @ clubbackend ---
[INFO] Changes detected - recompiling the module! :source
[INFO] Compiling 42 source files with javac [debug release 17] to target\classes
[INFO] /C:/xampp/htdocs/club-foot-app-main1/club-foot-app-main/backend/src/main/java/com/club/security/MultiPasswordEncoder.java: C:\xampp\htdocs\club-foot-app-main1\club-foot-app-main\backend\src\main\java\com\club\security\MultiPasswordEncoder.java uses or overrides a deprecated API.
[INFO] /C:/xampp/htdocs/club-foot-app-main1/club-foot-app-main/backend/src/main/java/com/club/security/MultiPasswordEncoder.java: Recompile with -Xlint:deprecation for details.
[INFO] 
[INFO] --- resources:3.3.1:testResources (default-testResources) @ clubbackend ---
[INFO] skip non existing resourceDirectory C:\xampp\htdocs\club-foot-app-main1\club-foot-app-main\backend\src\test\resources
[INFO] 
[INFO] --- compiler:3.11.0:testCompile (default-testCompile) @ clubbackend ---
[INFO] No sources to compile
[INFO] 
[INFO] <<< spring-boot:3.2.0:run (default-cli) < test-compile @ clubbackend <<<
[INFO] 
[INFO] 
[INFO] --- spring-boot:3.2.0:run (default-cli) @ clubbackend ---
[INFO] Attaching agents: []

  .   ____          _            __ _ _
 /\\ / ___'_ __ _ _(_)_ __  __ _ \ \ \ \
( ( )\___ | '_ | '_| | '_ \/ _` | \ \ \ \
 \\/  ___)| |_)| | | | | || (_| |  ) ) ) )
  '  |____| .__|_| |_|_| |_\__, | / / / /
 =========|_|==============|___/=/_/_/_/
 :: Spring Boot ::                (v3.2.0)

2026-01-16T14:31:11.763+01:00  INFO 19036 --- [           main] com.club.ClubBackendApplication          : Starting ClubBackendApplication using Java 25.0.1 with PID 19036 (C:\xampp\htdocs\club-foot-app-main1\club-foot-app-main\backend\target\classes started by pcc in C:\xampp\htdocs\club-foot-app-main1\club-foot-app-main\backend)
2026-01-16T14:31:11.766+01:00 DEBUG 19036 --- [           main] com.club.ClubBackendApplication          : Running with Spring Boot v3.2.0, Spring v6.1.1
2026-01-16T14:31:11.767+01:00  INFO 19036 --- [           main] com.club.ClubBackendApplication          : No active profile set, falling back to 1 default profile: "default"
2026-01-16T14:31:13.321+01:00  INFO 19036 --- [           main] .s.d.r.c.RepositoryConfigurationDelegate : Bootstrapping Spring Data JPA repositories in DEFAULT mode.
2026-01-16T14:31:13.585+01:00  INFO 19036 --- [           main] .s.d.r.c.RepositoryConfigurationDelegate : Finished Spring Data repository scanning in 251 ms. Found 7 JPA repository interfaces.
WARNING: A restricted method in java.lang.System has been called
WARNING: java.lang.System::load has been called by org.apache.tomcat.jni.Library in an unnamed module (file:/C:/Users/pcc/.m2/repository/org/apache/tomcat/embed/tomcat-embed-core/10.1.16/tomcat-embed-core-10.1.16.jar)
WARNING: Use --enable-native-access=ALL-UNNAMED to avoid a warning for callers in this module
WARNING: Restricted methods will be blocked in a future release unless native access is enabled

2026-01-16T14:31:15.306+01:00  INFO 19036 --- [           main] o.s.b.w.embedded.tomcat.TomcatWebServer  : Tomcat initialized with port 8082 (http)
2026-01-16T14:31:15.344+01:00  INFO 19036 --- [           main] o.apache.catalina.core.StandardService   : Starting service [Tomcat]
2026-01-16T14:31:15.345+01:00  INFO 19036 --- [           main] o.apache.catalina.core.StandardEngine    : Starting Servlet engine: [Apache Tomcat/10.1.16]
2026-01-16T14:31:15.519+01:00  INFO 19036 --- [           main] o.a.c.c.C.[Tomcat].[localhost].[/api]    : Initializing Spring embedded WebApplicationContext
2026-01-16T14:31:15.521+01:00  INFO 19036 --- [           main] w.s.c.ServletWebServerApplicationContext : Root WebApplicationContext: initialization completed in 3680 ms
2026-01-16T14:31:15.932+01:00  INFO 19036 --- [           main] o.hibernate.jpa.internal.util.LogHelper  : HHH000204: Processing PersistenceUnitInfo [name: default]
2026-01-16T14:31:16.016+01:00  INFO 19036 --- [           main] org.hibernate.Version                    : HHH000412: Hibernate ORM core version 6.3.1.Final
2026-01-16T14:31:16.093+01:00  INFO 19036 --- [           main] o.h.c.internal.RegionFactoryInitiator    : HHH000026: Second-level cache disabled
2026-01-16T14:31:16.539+01:00  INFO 19036 --- [           main] o.s.o.j.p.SpringPersistenceUnitInfo      : No LoadTimeWeaver setup: ignoring JPA class transformer
2026-01-16T14:31:16.585+01:00  INFO 19036 --- [           main] com.zaxxer.hikari.HikariDataSource       : HikariPool-1 - Starting...
2026-01-16T14:31:16.832+01:00  INFO 19036 --- [           main] com.zaxxer.hikari.pool.HikariPool        : HikariPool-1 - Added connection com.mysql.cj.jdbc.ConnectionImpl@639c7f9c
2026-01-16T14:31:16.836+01:00  INFO 19036 --- [           main] com.zaxxer.hikari.HikariDataSource       : HikariPool-1 - Start completed.
2026-01-16T14:31:16.877+01:00  WARN 19036 --- [           main] org.hibernate.dialect.Dialect            : HHH000511: The 5.5.0 version for [org.hibernate.dialect.MySQLDialect] is no longer supported, hence certain features may not work properly. The minimum supported version is 5.7.0. Check the community dialects project for available legacy versions.
2026-01-16T14:31:16.881+01:00  WARN 19036 --- [           main] org.hibernate.orm.deprecation            : HHH90000025: MySQLDialect does not need to be specified explicitly using 'hibernate.dialect' (remove the property setting and it will be selected by default)
2026-01-16T14:31:18.942+01:00  INFO 19036 --- [           main] o.h.e.t.j.p.i.JtaPlatformInitiator       : HHH000489: No JTA platform available (set 'hibernate.transaction.jta.platform' to enable JTA platform integration)
2026-01-16T14:31:19.131+01:00  INFO 19036 --- [           main] j.LocalContainerEntityManagerFactoryBean : Initialized JPA EntityManagerFactory for persistence unit 'default'
2026-01-16T14:31:19.625+01:00 DEBUG 19036 --- [           main] com.club.security.JwtRequestFilter       : Filter 'jwtRequestFilter' configured for use
2026-01-16T14:31:19.967+01:00  INFO 19036 --- [           main] o.s.d.j.r.query.QueryEnhancerFactory     : Hibernate is in classpath; If applicable, HQL parser will be used.
2026-01-16T14:31:20.395+01:00  WARN 19036 --- [           main] JpaBaseConfiguration$JpaWebConfiguration : spring.jpa.open-in-view is enabled by default. Therefore, database queries may be performed during view rendering. Explicitly configure spring.jpa.open-in-view to disable this warning
2026-01-16T14:31:20.776+01:00  INFO 19036 --- [           main] o.s.s.web.DefaultSecurityFilterChain     : Will secure any request with [org.springframework.security.web.session.DisableEncodeUrlFilter@280cb0b4, org.springframework.security.web.context.request.async.WebAsyncManagerIntegrationFilter@108b2321, org.springframework.security.web.context.SecurityContextHolderFilter@4fe87cb9, org.springframework.security.web.header.HeaderWriterFilter@1b914e36, org.springframework.web.filter.CorsFilter@7f2c36de, org.springframework.security.web.authentication.logout.LogoutFilter@70c3c5d7, com.club.security.JwtRequestFilter@73dd3a46, org.springframework.security.web.savedrequest.RequestCacheAwareFilter@4843b35f, org.springframework.security.web.servletapi.SecurityContextHolderAwareRequestFilter@672e4658, org.springframework.security.web.authentication.AnonymousAuthenticationFilter@61a369cf, org.springframework.security.web.session.SessionManagementFilter@537e52de, org.springframework.security.web.access.ExceptionTranslationFilter@5f6dd89c, org.springframework.security.web.access.intercept.AuthorizationFilter@2a3251ad]
2026-01-16T14:31:21.063+01:00  INFO 19036 --- [           main] o.s.b.w.embedded.tomcat.TomcatWebServer  : Tomcat started on port 8082 (http) with context path '/api'
2026-01-16T14:31:21.071+01:00  INFO 19036 --- [           main] com.club.ClubBackendApplication          : Started ClubBackendApplication in 9.99 seconds (process running for 10.576)
Hibernate: 
    select
        count(*) 
    from
        users u1_0
Hibernate: 
    select
        count(*) 
    from
        users u1_0
Database already initialized with 3 users.
[INFO] ------------------------------------------------------------------------
[INFO] BUILD FAILURE
[INFO] ------------------------------------------------------------------------
[INFO] Total time:  11:31 min
[INFO] Finished at: 2026-01-16T14:42:34+01:00
[INFO] ------------------------------------------------------------------------
[ERROR] Failed to execute goal org.springframework.boot:spring-boot-maven-plugin:3.2.0:run (default-cli) on project clubbackend: Process terminated with exit code: 1 -> [Help 1]
[ERROR] 
[ERROR] To see the full stack trace of the errors, re-run Maven with the -e switch.
[ERROR] Re-run Maven using the -X switch to enable full debug logging.
[ERROR] 
[ERROR] For more information about the errors and possible solutions, please read the following articles:
[ERROR] [Help 1] http://cwiki.apache.org/confluence/display/MAVEN/MojoExecutionException
